#-----------------------------------------------------------
# Vivado v2020.2 (64-bit)
# SW Build 3064766 on Wed Nov 18 09:12:45 MST 2020
# IP Build 3064653 on Wed Nov 18 14:17:31 MST 2020
# Start of session at: Thu Dec 14 14:19:28 2023
# Process ID: 9764
# Current directory: C:/Users/rosentha/Desktop/Rosenthal_ECE_Labs/Lab 03
# Command line: vivado.exe -gui_launcher_event rodinguilauncherevent9564 C:\Users\rosentha\Desktop\Rosenthal_ECE_Labs\Lab 03\Lab03.xpr
# Log file: C:/Users/rosentha/Desktop/Rosenthal_ECE_Labs/Lab 03/vivado.log
# Journal file: C:/Users/rosentha/Desktop/Rosenthal_ECE_Labs/Lab 03\vivado.jou
#-----------------------------------------------------------
start_gui
open_project {C:/Users/rosentha/Desktop/Rosenthal_ECE_Labs/Lab 03/Lab03.xpr}
update_compile_order -fileset sources_1
add_files -norecurse {{C:/Users/rosentha/ECE212_Kline_Wurm/Lab 02/hdl/counter.sv} {C:/Users/rosentha/ECE212_Kline_Wurm/Lab 02/hdl/sevenseg_ctl.sv} {C:/Users/rosentha/ECE212_Kline_Wurm/Lab 02/hdl/mux8.sv} {C:/Users/rosentha/ECE212_Kline_Wurm/Lab 02/hdl/period_enb.sv} {C:/Users/rosentha/ECE212_Kline_Wurm/Lab 02/hdl/dec_3_8_n.sv} {C:/Users/rosentha/ECE212_Kline_Wurm/Lab 02/hdl/sevenseg_ext_n.sv}}
update_compile_order -fileset sources_1
reset_run synth_1
launch_runs synth_1 -jobs 6
wait_on_run synth_1
